mode: set
codeberg.org/wusolv/wutrak/backend/db.go:15.36,18.16 3 1
codeberg.org/wusolv/wutrak/backend/db.go:18.16,20.3 1 0
codeberg.org/wusolv/wutrak/backend/db.go:22.2,22.33 1 1
codeberg.org/wusolv/wutrak/backend/db.go:22.33,24.3 1 0
codeberg.org/wusolv/wutrak/backend/db.go:26.2,26.16 1 1
codeberg.org/wusolv/wutrak/backend/db.go:30.21,57.54 3 1
codeberg.org/wusolv/wutrak/backend/db.go:57.54,59.3 1 0
codeberg.org/wusolv/wutrak/backend/db.go:60.2,60.53 1 1
codeberg.org/wusolv/wutrak/backend/db.go:60.53,62.3 1 0
codeberg.org/wusolv/wutrak/backend/db.go:68.38,70.16 2 1
codeberg.org/wusolv/wutrak/backend/db.go:70.16,72.3 1 0
codeberg.org/wusolv/wutrak/backend/db.go:73.2,76.18 3 1
codeberg.org/wusolv/wutrak/backend/db.go:76.18,80.145 4 1
codeberg.org/wusolv/wutrak/backend/db.go:80.145,82.4 1 0
codeberg.org/wusolv/wutrak/backend/db.go:83.3,83.21 1 1
codeberg.org/wusolv/wutrak/backend/db.go:83.21,85.4 1 0
codeberg.org/wusolv/wutrak/backend/db.go:86.3,86.24 1 1
codeberg.org/wusolv/wutrak/backend/db.go:86.24,88.4 1 0
codeberg.org/wusolv/wutrak/backend/db.go:90.3,91.17 2 1
codeberg.org/wusolv/wutrak/backend/db.go:91.17,93.4 1 0
codeberg.org/wusolv/wutrak/backend/db.go:94.3,95.29 2 1
codeberg.org/wusolv/wutrak/backend/db.go:97.2,97.20 1 1
codeberg.org/wusolv/wutrak/backend/db.go:101.53,103.16 2 1
codeberg.org/wusolv/wutrak/backend/db.go:103.16,105.3 1 0
codeberg.org/wusolv/wutrak/backend/db.go:106.2,109.18 3 1
codeberg.org/wusolv/wutrak/backend/db.go:109.18,112.125 3 1
codeberg.org/wusolv/wutrak/backend/db.go:112.125,114.4 1 0
codeberg.org/wusolv/wutrak/backend/db.go:115.3,115.21 1 1
codeberg.org/wusolv/wutrak/backend/db.go:115.21,117.4 1 0
codeberg.org/wusolv/wutrak/backend/db.go:118.3,118.27 1 1
codeberg.org/wusolv/wutrak/backend/db.go:120.2,120.19 1 1
codeberg.org/wusolv/wutrak/backend/db.go:124.34,126.16 2 1
codeberg.org/wusolv/wutrak/backend/db.go:126.16,128.3 1 0
codeberg.org/wusolv/wutrak/backend/db.go:129.2,134.40 4 1
codeberg.org/wusolv/wutrak/backend/db.go:134.40,136.3 1 0
codeberg.org/wusolv/wutrak/backend/db.go:137.2,141.16 4 1
codeberg.org/wusolv/wutrak/backend/db.go:141.16,143.3 1 0
codeberg.org/wusolv/wutrak/backend/db.go:145.2,146.16 2 1
codeberg.org/wusolv/wutrak/backend/db.go:146.16,148.3 1 0
codeberg.org/wusolv/wutrak/backend/db.go:149.2,150.12 2 1
codeberg.org/wusolv/wutrak/backend/db.go:154.34,156.16 2 1
codeberg.org/wusolv/wutrak/backend/db.go:156.16,158.3 1 0
codeberg.org/wusolv/wutrak/backend/db.go:159.2,163.12 4 1
codeberg.org/wusolv/wutrak/backend/db.go:167.32,170.2 2 1
codeberg.org/wusolv/wutrak/backend/db.go:173.32,175.16 2 1
codeberg.org/wusolv/wutrak/backend/db.go:175.16,177.3 1 0
codeberg.org/wusolv/wutrak/backend/db.go:178.2,183.40 4 1
codeberg.org/wusolv/wutrak/backend/db.go:183.40,185.3 1 0
codeberg.org/wusolv/wutrak/backend/db.go:186.2,190.16 4 1
codeberg.org/wusolv/wutrak/backend/db.go:190.16,192.3 1 0
codeberg.org/wusolv/wutrak/backend/db.go:194.2,195.16 2 1
codeberg.org/wusolv/wutrak/backend/db.go:195.16,197.3 1 0
codeberg.org/wusolv/wutrak/backend/db.go:198.2,199.12 2 1
codeberg.org/wusolv/wutrak/backend/db.go:203.32,205.16 2 1
codeberg.org/wusolv/wutrak/backend/db.go:205.16,207.3 1 0
codeberg.org/wusolv/wutrak/backend/db.go:208.2,212.12 4 1
codeberg.org/wusolv/wutrak/backend/db.go:216.31,219.2 2 1
codeberg.org/wusolv/wutrak/backend/handlers.go:11.59,13.18 1 1
codeberg.org/wusolv/wutrak/backend/handlers.go:14.13,16.17 2 1
codeberg.org/wusolv/wutrak/backend/handlers.go:16.17,19.4 2 0
codeberg.org/wusolv/wutrak/backend/handlers.go:20.3,20.36 1 1
codeberg.org/wusolv/wutrak/backend/handlers.go:21.14,23.60 2 1
codeberg.org/wusolv/wutrak/backend/handlers.go:23.60,26.4 2 1
codeberg.org/wusolv/wutrak/backend/handlers.go:27.3,27.41 1 1
codeberg.org/wusolv/wutrak/backend/handlers.go:27.41,30.4 2 0
codeberg.org/wusolv/wutrak/backend/handlers.go:31.3,32.31 2 1
codeberg.org/wusolv/wutrak/backend/handlers.go:33.10,34.67 1 1
codeberg.org/wusolv/wutrak/backend/handlers.go:39.58,43.16 3 1
codeberg.org/wusolv/wutrak/backend/handlers.go:43.16,46.3 2 1
codeberg.org/wusolv/wutrak/backend/handlers.go:48.2,48.18 1 1
codeberg.org/wusolv/wutrak/backend/handlers.go:49.13,51.60 2 1
codeberg.org/wusolv/wutrak/backend/handlers.go:51.60,54.4 2 1
codeberg.org/wusolv/wutrak/backend/handlers.go:55.3,56.41 2 1
codeberg.org/wusolv/wutrak/backend/handlers.go:56.41,59.4 2 0
codeberg.org/wusolv/wutrak/backend/handlers.go:60.3,60.31 1 1
codeberg.org/wusolv/wutrak/backend/handlers.go:61.16,62.41 1 1
codeberg.org/wusolv/wutrak/backend/handlers.go:62.41,65.4 2 0
codeberg.org/wusolv/wutrak/backend/handlers.go:66.3,66.38 1 1
codeberg.org/wusolv/wutrak/backend/handlers.go:67.10,68.67 1 1
codeberg.org/wusolv/wutrak/backend/handlers.go:73.58,75.18 1 1
codeberg.org/wusolv/wutrak/backend/handlers.go:76.14,86.44 2 1
codeberg.org/wusolv/wutrak/backend/handlers.go:86.44,89.4 2 0
codeberg.org/wusolv/wutrak/backend/handlers.go:90.3,91.17 2 1
codeberg.org/wusolv/wutrak/backend/handlers.go:91.17,94.4 2 1
codeberg.org/wusolv/wutrak/backend/handlers.go:96.3,97.60 2 1
codeberg.org/wusolv/wutrak/backend/handlers.go:97.60,100.4 2 1
codeberg.org/wusolv/wutrak/backend/handlers.go:101.3,102.40 2 1
codeberg.org/wusolv/wutrak/backend/handlers.go:102.40,105.4 2 0
codeberg.org/wusolv/wutrak/backend/handlers.go:106.3,107.31 2 1
codeberg.org/wusolv/wutrak/backend/handlers.go:108.10,109.67 1 1
codeberg.org/wusolv/wutrak/backend/handlers.go:114.57,118.16 3 1
codeberg.org/wusolv/wutrak/backend/handlers.go:118.16,121.3 2 1
codeberg.org/wusolv/wutrak/backend/handlers.go:123.2,123.18 1 1
codeberg.org/wusolv/wutrak/backend/handlers.go:124.13,126.60 2 1
codeberg.org/wusolv/wutrak/backend/handlers.go:126.60,129.4 2 1
codeberg.org/wusolv/wutrak/backend/handlers.go:130.3,131.40 2 1
codeberg.org/wusolv/wutrak/backend/handlers.go:131.40,134.4 2 0
codeberg.org/wusolv/wutrak/backend/handlers.go:135.3,135.31 1 1
codeberg.org/wusolv/wutrak/backend/handlers.go:136.16,137.40 1 1
codeberg.org/wusolv/wutrak/backend/handlers.go:137.40,140.4 2 0
codeberg.org/wusolv/wutrak/backend/handlers.go:141.3,141.38 1 1
codeberg.org/wusolv/wutrak/backend/handlers.go:142.10,143.67 1 1
codeberg.org/wusolv/wutrak/backend/server.go:12.70,19.16 5 0
codeberg.org/wusolv/wutrak/backend/server.go:19.16,21.3 1 0
codeberg.org/wusolv/wutrak/backend/server.go:22.2,30.47 6 0
codeberg.org/wusolv/wutrak/backend/server.go:34.64,36.86 1 1
codeberg.org/wusolv/wutrak/backend/server.go:36.86,38.3 1 1
codeberg.org/wusolv/wutrak/backend/server.go:38.8,40.3 1 1
